[maverickferreira.com/trabalhador-home-office-inst/index.html]
[backblue.gif]
[fade.gif]
[index.html]
[maverickferreira.com/wp-includes/css/dist/block-library/style.minf049.css]
[maverickferreira.com/wp-content/themes/oceanwp/assets/fonts/fontawesome/css/all.min9e0b.css]
[maverickferreira.com/wp-content/themes/oceanwp/assets/css/third/simple-line-icons.min8d5a.css]
[maverickferreira.com/wp-content/themes/oceanwp/assets/css/style.min6765.css]
[maverickferreira.com/wp-content/plugins/elementor/assets/lib/eicons/css/elementor-icons.min7816.css]
[maverickferreira.com/wp-content/plugins/elementor/assets/css/frontend-lite.min1ed5.css]
[maverickferreira.com/wp-content/uploads/elementor/css/post-4ecf9.css]
[maverickferreira.com/wp-content/uploads/elementor/css/globala955.css]
[maverickferreira.com/wp-content/uploads/elementor/css/post-176d76a.css]
[maverickferreira.com/wp-includes/js/jquery/jquery.minaf6c.js]
[maverickferreira.com/wp-includes/js/jquery/jquery-migrate.mind617.js]
[maverickferreira.com/wp-content/uploads/2022/06/FG-150x150.png]
[maverickferreira.com/wp-content/uploads/2022/06/FG.png]
[maverickferreira.com/wp-content/uploads/2022/06/9762375.jpg]
[maverickferreira.com/wp-content/uploads/2022/06/9762373.jpg]
[maverickferreira.com/wp-content/uploads/2022/06/9762367.jpg]
[maverickferreira.com/wp-content/uploads/2022/06/C4F102-1-1024x576.png]
[maverickferreira.com/wp-content/uploads/2022/06/C4F102-2-1024x576.png]
[maverickferreira.com/wp-content/uploads/2022/06/C4F102-3-1024x576.png]
[maverickferreira.com/wp-content/uploads/2022/06/f5db62a5-e3b5-4fbb-ad83-3c4124e00910-616x1024.jpg]
[maverickferreira.com/wp-content/uploads/2022/06/b01b828f-3753-41c9-a51c-cfe1beea11d6-612x1024.jpg]
[maverickferreira.com/wp-content/uploads/2022/06/229d1431-f85f-41d4-a2b2-64fa129f7964.jpg]
[maverickferreira.com/wp-content/uploads/2022/06/43cf1ee8-52c0-4654-8bc4-dbbf2d57a091.jpg]
[maverickferreira.com/wp-content/plugins/elementor/assets/lib/animations/animations.min1ed5.css]
[maverickferreira.com/wp-includes/js/imagesloaded.mineda1.js]
[maverickferreira.com/wp-content/themes/oceanwp/assets/js/theme.min6765.js]
[maverickferreira.com/wp-content/themes/oceanwp/assets/js/drop-down-mobile-menu.min6765.js]
[maverickferreira.com/wp-content/themes/oceanwp/assets/js/drop-down-search.min6765.js]
[maverickferreira.com/wp-content/themes/oceanwp/assets/js/vendors/magnific-popup.min6765.js]
[maverickferreira.com/wp-content/themes/oceanwp/assets/js/ow-lightbox.min6765.js]
[maverickferreira.com/wp-content/themes/oceanwp/assets/js/vendors/flickity.pkgd.min6765.js]
[maverickferreira.com/wp-content/themes/oceanwp/assets/js/ow-slider.min6765.js]
[maverickferreira.com/wp-content/themes/oceanwp/assets/js/scroll-effect.min6765.js]
[maverickferreira.com/wp-content/themes/oceanwp/assets/js/scroll-top.min6765.js]
[maverickferreira.com/wp-content/themes/oceanwp/assets/js/select.min6765.js]
[maverickferreira.com/wp-content/plugins/elementor/assets/js/webpack.runtime.min1ed5.js]
[maverickferreira.com/wp-content/plugins/elementor/assets/js/frontend-modules.min1ed5.js]
[maverickferreira.com/wp-content/plugins/elementor/assets/lib/waypoints/waypoints.min05da.js]
[maverickferreira.com/wp-includes/js/jquery/ui/core.min0028.js]
[maverickferreira.com/trabalhador-home-office-inst/index.html]
[maverickferreira.com/wp-includes/css/dist/block-library/style.minf049.css]
[maverickferreira.com/wp-content/themes/oceanwp/assets/fonts/fontawesome/css/all.min9e0b.css]
[maverickferreira.com/wp-content/themes/oceanwp/assets/css/third/simple-line-icons.min8d5a.css]
[maverickferreira.com/wp-content/plugins/elementor/assets/js/frontend.min1ed5.js]
[maverickferreira.com/wp-content/themes/oceanwp/assets/css/style.min6765.css]
[maverickferreira.com/wp-content/plugins/elementor/assets/lib/eicons/css/elementor-icons.min7816.css]
[maverickferreira.com/wp-content/plugins/elementor/assets/css/frontend-lite.min1ed5.css]
[maverickferreira.com/wp-content/uploads/elementor/css/post-4ecf9.css]
[maverickferreira.com/wp-content/uploads/elementor/css/globala955.css]
[maverickferreira.com/wp-content/uploads/elementor/css/post-176d76a.css]
[maverickferreira.com/wp-content/plugins/elementor/assets/lib/animations/animations.min1ed5.css]
